../../Middlewares/ST/touchgfx/framework/include/touchgfx/Screen.hpp:104:18:virtual void touchgfx::Screen::afterTransition()	0	static
../../Middlewares/ST/touchgfx/framework/include/touchgfx/Screen.hpp:144:18:virtual void touchgfx::Screen::handleTickEvent()	0	static
../../Middlewares/ST/touchgfx/framework/include/touchgfx/Screen.hpp:154:18:virtual void touchgfx::Screen::handleKeyEvent(uint8_t)	0	static
D:/workspace/Station_Meteo/TouchGFX/gui/src/direction_du_vent_screen/direction_du_ventView.cpp:13:6:virtual void direction_du_ventView::tearDownScreen()	0	static
../../TouchGFX/gui/include/gui/direction_du_vent_screen/direction_du_ventView.hpp:11:13:direction_du_ventView::~direction_du_ventView()	8	static
../../TouchGFX/gui/include/gui/direction_du_vent_screen/direction_du_ventView.hpp:11:13:virtual direction_du_ventView::~direction_du_ventView()	8	static
D:/workspace/Station_Meteo/TouchGFX/gui/src/direction_du_vent_screen/direction_du_ventView.cpp:3:1:direction_du_ventView::direction_du_ventView()	8	static
D:/workspace/Station_Meteo/TouchGFX/gui/src/direction_du_vent_screen/direction_du_ventView.cpp:8:6:virtual void direction_du_ventView::setupScreen()	0	static
