../../Middlewares/ST/touchgfx/framework/include/touchgfx/Screen.hpp:104:18:virtual void touchgfx::Screen::afterTransition()	0	static
../../Middlewares/ST/touchgfx/framework/include/touchgfx/Screen.hpp:144:18:virtual void touchgfx::Screen::handleTickEvent()	0	static
../../Middlewares/ST/touchgfx/framework/include/touchgfx/Screen.hpp:154:18:virtual void touchgfx::Screen::handleKeyEvent(uint8_t)	0	static
D:/workspace/Station_Meteo/TouchGFX/gui/src/plui_screen/pluiView.cpp:13:6:virtual void pluiView::tearDownScreen()	0	static
../../TouchGFX/gui/include/gui/plui_screen/pluiView.hpp:11:13:pluiView::~pluiView()	8	static
../../TouchGFX/gui/include/gui/plui_screen/pluiView.hpp:11:13:virtual pluiView::~pluiView()	8	static
D:/workspace/Station_Meteo/TouchGFX/gui/src/plui_screen/pluiView.cpp:3:1:pluiView::pluiView()	8	static
D:/workspace/Station_Meteo/TouchGFX/gui/src/plui_screen/pluiView.cpp:8:6:virtual void pluiView::setupScreen()	0	static
