../../Middlewares/ST/touchgfx/framework/include/touchgfx/Screen.hpp:104:18:virtual void touchgfx::Screen::afterTransition()	0	static
../../Middlewares/ST/touchgfx/framework/include/touchgfx/Screen.hpp:144:18:virtual void touchgfx::Screen::handleTickEvent()	0	static
../../Middlewares/ST/touchgfx/framework/include/touchgfx/Screen.hpp:154:18:virtual void touchgfx::Screen::handleKeyEvent(uint8_t)	0	static
D:/workspace/Station_Meteo/TouchGFX/gui/src/temperture_screen/tempertureView.cpp:13:6:virtual void tempertureView::tearDownScreen()	0	static
../../TouchGFX/gui/include/gui/temperture_screen/tempertureView.hpp:11:13:tempertureView::~tempertureView()	8	static
../../TouchGFX/gui/include/gui/temperture_screen/tempertureView.hpp:11:13:virtual tempertureView::~tempertureView()	8	static
D:/workspace/Station_Meteo/TouchGFX/gui/src/temperture_screen/tempertureView.cpp:3:1:tempertureView::tempertureView()	8	static
D:/workspace/Station_Meteo/TouchGFX/gui/src/temperture_screen/tempertureView.cpp:8:6:virtual void tempertureView::setupScreen()	0	static
